<area shape="rect" id="node1" href="src-base-messages-AirFrame.html" title="Packet AirFrame" alt="" coords="4,6,77,31">
<area shape="rect" id="node2" href="src-modules-messages-AirFrame11p.html" title="Message AirFrame11p" alt="" coords="103,6,199,31">
<area shape="rect" id="node3" href="src-base-messages-BorderMsg.html" title="Packet BorderMsg" alt="" coords="223,6,308,31">
<area shape="rect" id="node4" href="src-base-messages-ChannelSenseRequest.html" title="Packet ChannelSenseRequest" alt="" coords="333,6,488,31">
<area shape="rect" id="node5" href="src-modules-messages-Mac80211Pkt.html" title="Packet Mac80211Pkt" alt="" coords="513,6,615,31">
<area shape="rect" id="node6" href="src-base-messages-MacPkt.html" title="Packet MacPkt" alt="" coords="640,6,712,31">
<area shape="rect" id="node7" href="src-base-messages-SenseMode.html" title="Enum SenseMode" alt="" coords="736,6,827,31">
<area shape="rect" id="node8" href="src-modules-messages-WaveShortMessage.html" title="Packet WaveShortMessage" alt="" coords="851,6,991,31">
